// Jest Snapshot v1, https://goo.gl/fbAQLP

exports[`renders correctly 1`] = `
<View
  style={
    Object {
      "alignItems": "flex-start",
      "flex": 1,
      "justifyContent": "center",
      "padding": 20,
    }
  }
>
  <Text
    style={
      Object {
        "fontFamily": "Cabin-Bold",
        "fontSize": 32,
        "paddingBottom": 20,
      }
    }
  >
    Usu√°rio
  </Text>
  <Text
    style={
      Object {
        "fontFamily": "Cabin-SemiBold",
        "fontSize": 20,
        "marginBottom": 100,
        "paddingBottom": 20,
      }
    }
  >
    
  </Text>
  <View
    accessible={true}
    focusable={true}
    onClick={[Function]}
    onResponderGrant={[Function]}
    onResponderMove={[Function]}
    onResponderRelease={[Function]}
    onResponderTerminate={[Function]}
    onResponderTerminationRequest={[Function]}
    onStartShouldSetResponder={[Function]}
    style={
      Object {
        "alignItems": "center",
        "backgroundColor": "#11A8F3",
        "borderRadius": 8,
        "height": 50,
        "justifyContent": "center",
        "marginVertical": 8,
        "opacity": 1,
        "width": "100%",
      }
    }
  >
    <Text
      style={
        Object {
          "color": "white",
          "fontFamily": "Cabin-SemiBold",
          "fontWeight": "bold",
        }
      }
    >
      SAIR
    </Text>
  </View>
</View>
`;
